{"logTime": "0506/063708", "correlationVector":"qGO0zxo4Fp683bgXcLXJJS.1","action":"SyncServerConnectionManagerRequest", "result":"SYNC_SERVER_OK", "context":{"environment":"Prod_southeastasia_prod-s01-065-apac-southeastasia", "migrationStage":"NotStarted", "server":"akswtt000000019"}}
{"logTime": "0506/063708", "correlationVector":"qGO0zxo4Fp683bgXcLXJJS.2","action":"ProcessGetUpdates", "result":"Done", "context":{"dataType":"Encryption Keys", "deleted":"0", "process_failed_to_decrypt":"0", "process_pending_decryption":"0", "process_success":"1", "total":"1"}}
{"logTime": "0506/063710", "correlationVector":"7iW9LsSzkWSwHHK+brzAVx","action":"SyncServerConnectionManagerRequest", "result":"SYNC_SERVER_OK", "context":{"environment":"", "migrationStage":"", "server":""}}
{"logTime": "0506/063710", "correlationVector":"7iW9LsSzkWSwHHK+brzAVx.0","action":"EncryptionKeysFetcher.DownloadKeys:", "result":"Success", "context":Key count: 5, Last key timestamp: 2026-01-29T19:47:06Z}
{"logTime": "0506/063710", "correlationVector":"7iW9LsSzkWSwHHK+brzAVx.1","action":"EncryptionKeysManager::SetEncryptionKeys:", "result":"Success", "context":Key names[5]:[zq/1YmXiyZuJFwp98uyto3X+caycDzI97rLlqzC181eMQxEFSGlxMnHHU2Ql3RCREZDYG084haLsZVF5LuxFIQ==][bm7J16qi97bgdIWHWydzknSqytGn9AmrQiFF47EF+VvpcQnc2QAvFp60fq2tOJYZRb93pDRyP407UFU7PWYMKA==][9/D+aqms1kQWU0SwkCFdMpkqGoGzG2pRLlJMzJI1b/s1512Ci4qZFiKn6QZ2mzHFrKlHiIO42Vzuv5Fbo2wxOw==][VyttOSUwFN2l37/fvz4duYWadSzMPDQkCF/KT9d2niilDsGG2i0lFui1HKLMtimuxY0NTzZYQCVtQQTCZzQK6g==][dJ/Gp4siYmUZrps4nTiMLis965a9lwEN5M5fYddNDdx6SqAH96GS0m27gWh8if+PSPsL1wHnDQPBxGByU8FoGw==]}
{"logTime": "0506/063710", "correlationVector":"7iW9LsSzkWSwHHK+brzAVx.2","action":"EncryptionKeysManager::SetEncryptionKeysWithTimestamps:", "result":"Success", "context":Key timestamps[5]:[2024-01-19T11:47:29Z][2024-08-06T11:25:29Z][2025-02-03T05:08:05Z][2025-08-02T05:43:19Z][2026-01-29T19:47:06Z]}
{"logTime": "0506/063710", "correlationVector":"qGO0zxo4Fp683bgXcLXJJS","action":"Initial GetUpdates", "result":"", "context":Reason: NEW_CLIENT. cV=qGO0zxo4Fp683bgXcLXJJS}
{"logTime": "0506/063710", "correlationVector":"qGO0zxo4Fp683bgXcLXJJS.3","action":"GetUpdates Response", "result":"Success", "context":Received 1 update(s). cV=qGO0zxo4Fp683bgXcLXJJS.0;server=akswtt000000019;cloudType=Consumer;environment=Prod_southeastasia_prod-s01-065-apac-southeastasia;migrationStage=NotStarted}
{"logTime": "0506/063710", "correlationVector":"YVo5FZ0D5cqa4JlyJxFREI","action":"Initial GetUpdates", "result":"", "context":Reason: NEWLY_SUPPORTED_DATATYPE. cV=YVo5FZ0D5cqa4JlyJxFREI}
{"logTime": "0506/063712", "correlationVector":"YVo5FZ0D5cqa4JlyJxFREI.1","action":"SyncServerConnectionManagerRequest", "result":"SYNC_SERVER_OK", "context":{"environment":"Prod_southeastasia_prod-s01-065-apac-southeastasia", "migrationStage":"NotStarted", "server":"akswtt000000003"}}
{"logTime": "0506/063712", "correlationVector":"YVo5FZ0D5cqa4JlyJxFREI.2","action":"ProcessGetUpdates", "result":"Done", "context":{"dataType":"Preferences", "deleted":"2", "process_failed_to_decrypt":"0", "process_pending_decryption":"0", "process_success":"119", "total":"119"}}
{"logTime": "0506/063712", "correlationVector":"YVo5FZ0D5cqa4JlyJxFREI.3","action":"ProcessGetUpdates", "result":"Done", "context":{"dataType":"Passwords", "deleted":"7", "process_failed_to_decrypt":"0", "process_pending_decryption":"0", "process_success":"61", "total":"61"}}
{"logTime": "0506/063712", "correlationVector":"YVo5FZ0D5cqa4JlyJxFREI.4","action":"ProcessGetUpdates", "result":"Done", "context":{"dataType":"Device Info", "deleted":"0", "process_failed_to_decrypt":"0", "process_pending_decryption":"0", "process_success":"9", "total":"9"}}
{"logTime": "0506/063712", "correlationVector":"YVo5FZ0D5cqa4JlyJxFREI.5","action":"GetUpdates Response", "result":"Success", "context":Received 189 update(s). cV=YVo5FZ0D5cqa4JlyJxFREI.0;server=akswtt000000003;cloudType=Consumer;environment=Prod_southeastasia_prod-s01-065-apac-southeastasia;migrationStage=NotStarted}
{"logTime": "0506/063714", "correlationVector":"emC0xDa5wu8SjJbRbA1ht+","action":"Initial GetUpdates", "result":"", "context":Reason: NEWLY_SUPPORTED_DATATYPE. cV=emC0xDa5wu8SjJbRbA1ht+}
{"logTime": "0506/063730", "correlationVector":"emC0xDa5wu8SjJbRbA1ht+.1","action":"SyncServerConnectionManagerRequest", "result":"SYNC_SERVER_OK", "context":{"environment":"Prod_southeastasia_prod-s01-065-apac-southeastasia", "migrationStage":"NotStarted", "server":"akswtt00000000u"}}
{"logTime": "0506/063730", "correlationVector":"emC0xDa5wu8SjJbRbA1ht+.2","action":"ProcessGetUpdates", "result":"Done", "context":{"dataType":"Bookmarks", "deleted":"22", "process_failed_to_decrypt":"0", "process_pending_decryption":"0", "process_success":"206", "total":"206"}}
{"logTime": "0506/063730", "correlationVector":"emC0xDa5wu8SjJbRbA1ht+.3","action":"GetUpdates Response", "result":"Success", "context":Received 206 update(s). cV=emC0xDa5wu8SjJbRbA1ht+.0;server=akswtt00000000u;cloudType=Consumer;environment=Prod_southeastasia_prod-s01-065-apac-southeastasia;migrationStage=NotStarted}
{"logTime": "0506/063731", "correlationVector":"Ivg5afj4GiXFzZ1+I9/gKm","action":"Initial GetUpdates", "result":"", "context":Reason: NEWLY_SUPPORTED_DATATYPE. cV=Ivg5afj4GiXFzZ1+I9/gKm}
{"logTime": "0506/063736", "correlationVector":"Ivg5afj4GiXFzZ1+I9/gKm.1","action":"SyncServerConnectionManagerRequest", "result":"SYNC_SERVER_OK", "context":{"environment":"Prod_southeastasia_prod-s01-065-apac-southeastasia", "migrationStage":"NotStarted", "server":"akswtt000000019"}}
{"logTime": "0506/063736", "correlationVector":"Ivg5afj4GiXFzZ1+I9/gKm.2","action":"ProcessGetUpdates", "result":"Done", "context":{"dataType":"Autofill Profiles", "deleted":"0", "process_failed_to_decrypt":"0", "process_pending_decryption":"0", "process_success":"9", "total":"9"}}
{"logTime": "0506/063736", "correlationVector":"Ivg5afj4GiXFzZ1+I9/gKm.3","action":"ProcessGetUpdates", "result":"Done", "context":{"dataType":"Autofill", "deleted":"0", "process_failed_to_decrypt":"0", "process_pending_decryption":"0", "process_success":"220", "total":"220"}}
{"logTime": "0506/063736", "correlationVector":"Ivg5afj4GiXFzZ1+I9/gKm.4","action":"ProcessGetUpdates", "result":"Done", "context":{"dataType":"Extensions", "deleted":"0", "process_failed_to_decrypt":"0", "process_pending_decryption":"0", "process_success":"14", "total":"14"}}
{"logTime": "0506/063736", "correlationVector":"Ivg5afj4GiXFzZ1+I9/gKm.5","action":"ProcessGetUpdates", "result":"Done", "context":{"dataType":"Extension settings", "deleted":"0", "process_failed_to_decrypt":"0", "process_pending_decryption":"0", "process_success":"3", "total":"3"}}
{"logTime": "0506/063736", "correlationVector":"Ivg5afj4GiXFzZ1+I9/gKm.6","action":"ProcessGetUpdates", "result":"Done", "context":{"dataType":"Web Apps", "deleted":"0", "process_failed_to_decrypt":"0", "process_pending_decryption":"0", "process_success":"1", "total":"1"}}
{"logTime": "0506/063736", "correlationVector":"Ivg5afj4GiXFzZ1+I9/gKm.7","action":"ProcessGetUpdates", "result":"Done", "context":{"dataType":"Saved Tab Group", "deleted":"2", "process_failed_to_decrypt":"0", "process_pending_decryption":"0", "process_success":"2", "total":"2"}}
{"logTime": "0506/063736", "correlationVector":"Ivg5afj4GiXFzZ1+I9/gKm.8","action":"ProcessGetUpdates", "result":"Done", "context":{"dataType":"WebAuthn Credentials", "deleted":"0", "process_failed_to_decrypt":"0", "process_pending_decryption":"0", "process_success":"1", "total":"1"}}
{"logTime": "0506/063736", "correlationVector":"Ivg5afj4GiXFzZ1+I9/gKm.9","action":"GetUpdates Response", "result":"Success", "context":Received 250 update(s). cV=Ivg5afj4GiXFzZ1+I9/gKm.0;server=akswtt000000019;cloudType=Consumer;environment=Prod_southeastasia_prod-s01-065-apac-southeastasia;migrationStage=NotStarted Some updates remain.}
{"logTime": "0506/063736", "correlationVector":"9gfGYFXNQ9G+rqf8drKj/+","action":"Initial GetUpdates", "result":"", "context":Reason: NEWLY_SUPPORTED_DATATYPE. cV=9gfGYFXNQ9G+rqf8drKj/+}
{"logTime": "0506/063740", "correlationVector":"9gfGYFXNQ9G+rqf8drKj/+.1","action":"SyncServerConnectionManagerRequest", "result":"SYNC_SERVER_OK", "context":{"environment":"Prod_southeastasia_prod-s01-065-apac-southeastasia", "migrationStage":"NotStarted", "server":"akswtt000000008"}}
{"logTime": "0506/063740", "correlationVector":"9gfGYFXNQ9G+rqf8drKj/+.2","action":"ProcessGetUpdates", "result":"Done", "context":{"dataType":"Autofill Profiles", "deleted":"0", "process_failed_to_decrypt":"0", "process_pending_decryption":"0", "process_success":"2", "total":"2"}}
{"logTime": "0506/063740", "correlationVector":"9gfGYFXNQ9G+rqf8drKj/+.3","action":"ProcessGetUpdates", "result":"Done", "context":{"dataType":"Autofill", "deleted":"0", "process_failed_to_decrypt":"0", "process_pending_decryption":"0", "process_success":"228", "total":"228"}}
{"logTime": "0506/063740", "correlationVector":"9gfGYFXNQ9G+rqf8drKj/+.4","action":"ProcessGetUpdates", "result":"Done", "context":{"dataType":"Sessions", "deleted":"19", "process_failed_to_decrypt":"0", "process_pending_decryption":"0", "process_success":"19", "total":"19"}}
{"logTime": "0506/063740", "correlationVector":"9gfGYFXNQ9G+rqf8drKj/+.5","action":"ProcessGetUpdates", "result":"Done", "context":{"dataType":"Extension settings", "deleted":"0", "process_failed_to_decrypt":"0", "process_pending_decryption":"0", "process_success":"1", "total":"1"}}
{"logTime": "0506/063740", "correlationVector":"9gfGYFXNQ9G+rqf8drKj/+.6","action":"GetUpdates Response", "result":"Success", "context":Received 250 update(s). cV=9gfGYFXNQ9G+rqf8drKj/+.0;server=akswtt000000008;cloudType=Consumer;environment=Prod_southeastasia_prod-s01-065-apac-southeastasia;migrationStage=NotStarted Some updates remain.}
{"logTime": "0506/063740", "correlationVector":"NtTCjOGwYXW1vfJKWtlPSF","action":"Initial GetUpdates", "result":"", "context":Reason: NEWLY_SUPPORTED_DATATYPE. cV=NtTCjOGwYXW1vfJKWtlPSF}
{"logTime": "0506/063743", "correlationVector":"NtTCjOGwYXW1vfJKWtlPSF.1","action":"SyncServerConnectionManagerRequest", "result":"SYNC_SERVER_OK", "context":{"environment":"Prod_southeastasia_prod-s01-065-apac-southeastasia", "migrationStage":"NotStarted", "server":"akswtt000000002"}}
{"logTime": "0506/063743", "correlationVector":"NtTCjOGwYXW1vfJKWtlPSF.2","action":"ProcessGetUpdates", "result":"Done", "context":{"dataType":"Autofill", "deleted":"0", "process_failed_to_decrypt":"0", "process_pending_decryption":"0", "process_success":"42", "total":"42"}}
{"logTime": "0506/063743", "correlationVector":"NtTCjOGwYXW1vfJKWtlPSF.3","action":"ProcessGetUpdates", "result":"Done", "context":{"dataType":"Sessions", "deleted":"208", "process_failed_to_decrypt":"0", "process_pending_decryption":"0", "process_success":"208", "total":"208"}}
{"logTime": "0506/063743", "correlationVector":"NtTCjOGwYXW1vfJKWtlPSF.4","action":"GetUpdates Response", "result":"Success", "context":Received 250 update(s). cV=NtTCjOGwYXW1vfJKWtlPSF.0;server=akswtt000000002;cloudType=Consumer;environment=Prod_southeastasia_prod-s01-065-apac-southeastasia;migrationStage=NotStarted Some updates remain.}
{"logTime": "0506/063743", "correlationVector":"uMHiTphrbIlAv1w3DNpi2K","action":"Initial GetUpdates", "result":"", "context":Reason: NEWLY_SUPPORTED_DATATYPE. cV=uMHiTphrbIlAv1w3DNpi2K}
{"logTime": "0506/063746", "correlationVector":"uMHiTphrbIlAv1w3DNpi2K.1","action":"SyncServerConnectionManagerRequest", "result":"SYNC_SERVER_OK", "context":{"environment":"Prod_southeastasia_prod-s01-065-apac-southeastasia", "migrationStage":"NotStarted", "server":"akswtt000000011"}}
{"logTime": "0506/063746", "correlationVector":"uMHiTphrbIlAv1w3DNpi2K.2","action":"ProcessGetUpdates", "result":"Done", "context":{"dataType":"Autofill", "deleted":"0", "process_failed_to_decrypt":"0", "process_pending_decryption":"0", "process_success":"21", "total":"21"}}
{"logTime": "0506/063746", "correlationVector":"uMHiTphrbIlAv1w3DNpi2K.3","action":"ProcessGetUpdates", "result":"Done", "context":{"dataType":"Extensions", "deleted":"0", "process_failed_to_decrypt":"0", "process_pending_decryption":"0", "process_success":"1", "total":"1"}}
{"logTime": "0506/063746", "correlationVector":"uMHiTphrbIlAv1w3DNpi2K.4","action":"ProcessGetUpdates", "result":"Done", "context":{"dataType":"Sessions", "deleted":"226", "process_failed_to_decrypt":"0", "process_pending_decryption":"0", "process_success":"226", "total":"226"}}
{"logTime": "0506/063746", "correlationVector":"uMHiTphrbIlAv1w3DNpi2K.5","action":"ProcessGetUpdates", "result":"Done", "context":{"dataType":"Web Apps", "deleted":"0", "process_failed_to_decrypt":"0", "process_pending_decryption":"0", "process_success":"1", "total":"1"}}
{"logTime": "0506/063746", "correlationVector":"uMHiTphrbIlAv1w3DNpi2K.6","action":"ProcessGetUpdates", "result":"Done", "context":{"dataType":"Edge Hub App Usage", "deleted":"1", "process_failed_to_decrypt":"0", "process_pending_decryption":"0", "process_success":"1", "total":"1"}}
{"logTime": "0506/063746", "correlationVector":"uMHiTphrbIlAv1w3DNpi2K.7","action":"GetUpdates Response", "result":"Success", "context":Received 250 update(s). cV=uMHiTphrbIlAv1w3DNpi2K.0;server=akswtt000000011;cloudType=Consumer;environment=Prod_southeastasia_prod-s01-065-apac-southeastasia;migrationStage=NotStarted Some updates remain.}
{"logTime": "0506/063746", "correlationVector":"PZteJn6Z67KJIcftF+8AyZ","action":"Initial GetUpdates", "result":"", "context":Reason: NEWLY_SUPPORTED_DATATYPE. cV=PZteJn6Z67KJIcftF+8AyZ}
{"logTime": "0506/063750", "correlationVector":"PZteJn6Z67KJIcftF+8AyZ.1","action":"SyncServerConnectionManagerRequest", "result":"SYNC_SERVER_OK", "context":{"environment":"Prod_southeastasia_prod-s01-065-apac-southeastasia", "migrationStage":"NotStarted", "server":"akswtt00000000c"}}
{"logTime": "0506/063750", "correlationVector":"PZteJn6Z67KJIcftF+8AyZ.2","action":"ProcessGetUpdates", "result":"Done", "context":{"dataType":"Autofill", "deleted":"0", "process_failed_to_decrypt":"0", "process_pending_decryption":"0", "process_success":"25", "total":"25"}}
{"logTime": "0506/063750", "correlationVector":"PZteJn6Z67KJIcftF+8AyZ.3","action":"ProcessGetUpdates", "result":"Done", "context":{"dataType":"Extensions", "deleted":"0", "process_failed_to_decrypt":"0", "process_pending_decryption":"0", "process_success":"2", "total":"2"}}
{"logTime": "0506/063750", "correlationVector":"PZteJn6Z67KJIcftF+8AyZ.4","action":"ProcessGetUpdates", "result":"Done", "context":{"dataType":"Sessions", "deleted":"220", "process_failed_to_decrypt":"0", "process_pending_decryption":"0", "process_success":"220", "total":"220"}}
{"logTime": "0506/063750", "correlationVector":"PZteJn6Z67KJIcftF+8AyZ.5","action":"ProcessGetUpdates", "result":"Done", "context":{"dataType":"Web Apps", "deleted":"1", "process_failed_to_decrypt":"0", "process_pending_decryption":"0", "process_success":"2", "total":"2"}}
{"logTime": "0506/063750", "correlationVector":"PZteJn6Z67KJIcftF+8AyZ.6","action":"ProcessGetUpdates", "result":"Done", "context":{"dataType":"Edge Hub App Usage", "deleted":"0", "process_failed_to_decrypt":"0", "process_pending_decryption":"0", "process_success":"1", "total":"1"}}
{"logTime": "0506/063750", "correlationVector":"PZteJn6Z67KJIcftF+8AyZ.7","action":"GetUpdates Response", "result":"Success", "context":Received 250 update(s). cV=PZteJn6Z67KJIcftF+8AyZ.0;server=akswtt00000000c;cloudType=Consumer;environment=Prod_southeastasia_prod-s01-065-apac-southeastasia;migrationStage=NotStarted Some updates remain.}
{"logTime": "0506/063750", "correlationVector":"WW3zlwk3G69sLTrYt+8a4a","action":"Initial GetUpdates", "result":"", "context":Reason: NEWLY_SUPPORTED_DATATYPE. cV=WW3zlwk3G69sLTrYt+8a4a}
{"logTime": "0506/063755", "correlationVector":"WW3zlwk3G69sLTrYt+8a4a.1","action":"SyncServerConnectionManagerRequest", "result":"SYNC_SERVER_OK", "context":{"environment":"Prod_southeastasia_prod-s01-065-apac-southeastasia", "migrationStage":"NotStarted", "server":"akswtt00000000q"}}
{"logTime": "0506/063755", "correlationVector":"WW3zlwk3G69sLTrYt+8a4a.2","action":"ProcessGetUpdates", "result":"Done", "context":{"dataType":"Autofill", "deleted":"0", "process_failed_to_decrypt":"0", "process_pending_decryption":"0", "process_success":"12", "total":"12"}}
{"logTime": "0506/063755", "correlationVector":"WW3zlwk3G69sLTrYt+8a4a.3","action":"ProcessGetUpdates", "result":"Done", "context":{"dataType":"Extensions", "deleted":"1", "process_failed_to_decrypt":"0", "process_pending_decryption":"0", "process_success":"3", "total":"3"}}
{"logTime": "0506/063755", "correlationVector":"WW3zlwk3G69sLTrYt+8a4a.4","action":"ProcessGetUpdates", "result":"Done", "context":{"dataType":"Sessions", "deleted":"223", "process_failed_to_decrypt":"0", "process_pending_decryption":"0", "process_success":"223", "total":"223"}}
{"logTime": "0506/063755", "correlationVector":"WW3zlwk3G69sLTrYt+8a4a.5","action":"ProcessGetUpdates", "result":"Done", "context":{"dataType":"Extension settings", "deleted":"9", "process_failed_to_decrypt":"0", "process_pending_decryption":"0", "process_success":"11", "total":"11"}}
{"logTime": "0506/063755", "correlationVector":"WW3zlwk3G69sLTrYt+8a4a.6","action":"ProcessGetUpdates", "result":"Done", "context":{"dataType":"Edge Hub App Usage", "deleted":"1", "process_failed_to_decrypt":"0", "process_pending_decryption":"0", "process_success":"1", "total":"1"}}
{"logTime": "0506/063755", "correlationVector":"WW3zlwk3G69sLTrYt+8a4a.7","action":"GetUpdates Response", "result":"Success", "context":Received 250 update(s). cV=WW3zlwk3G69sLTrYt+8a4a.0;server=akswtt00000000q;cloudType=Consumer;environment=Prod_southeastasia_prod-s01-065-apac-southeastasia;migrationStage=NotStarted Some updates remain.}
{"logTime": "0506/063755", "correlationVector":"3d6aoUod+Lus/sKBjj8rR8","action":"Initial GetUpdates", "result":"", "context":Reason: NEWLY_SUPPORTED_DATATYPE. cV=3d6aoUod+Lus/sKBjj8rR8}
{"logTime": "0506/063758", "correlationVector":"3d6aoUod+Lus/sKBjj8rR8.1","action":"SyncServerConnectionManagerRequest", "result":"SYNC_SERVER_OK", "context":{"environment":"Prod_southeastasia_prod-s01-065-apac-southeastasia", "migrationStage":"NotStarted", "server":"akswtt000000019"}}
