2026-05-06 06:36:46.660: [INFO][Sync] Reset engine, reason: 8
2026-05-06 06:36:46.660: [INFO][Sync] Stopped: Bookmarks
2026-05-06 06:36:46.660: [INFO][Sync] Stopped: Preferences
2026-05-06 06:36:46.660: [INFO][Sync] Stopped: Passwords
2026-05-06 06:36:46.660: [INFO][Sync] Stopped: Autofill Profiles
2026-05-06 06:36:46.660: [INFO][Sync] Stopped: Autofill
2026-05-06 06:36:46.660: [INFO][Sync] Stopped: Extensions
2026-05-06 06:36:46.660: [INFO][Sync] Stopped: Sessions
2026-05-06 06:36:46.660: [INFO][Sync] Stopped: Extension settings
2026-05-06 06:36:46.660: [INFO][Sync] Stopped: History Delete Directives
2026-05-06 06:36:46.660: [INFO][Sync] Stopped: Device Info
2026-05-06 06:36:46.660: [INFO][Sync] Stopped: User Consents
2026-05-06 06:36:46.660: [INFO][Sync] Stopped: Send Tab To Self
2026-05-06 06:36:46.660: [INFO][Sync] Stopped: Web Apps
2026-05-06 06:36:46.660: [INFO][Sync] Stopped: History
2026-05-06 06:36:46.660: [INFO][Sync] Stopped: Saved Tab Group
2026-05-06 06:36:46.660: [INFO][Sync] Stopped: WebAuthn Credentials
2026-05-06 06:36:46.660: [INFO][Sync] Stopped: Collection
2026-05-06 06:36:46.660: [INFO][Sync] Stopped: Edge E Drop
2026-05-06 06:36:46.660: [INFO][Sync] Stopped: Edge Hub App Usage
2026-05-06 06:36:46.660: [INFO][Sync] Stopped: Edge Wallet
2026-05-06 06:36:46.660: [INFO][Sync] Stopped: Edge Workspace
2026-05-06 06:36:46.660: [INFO][Sync] SyncState after authenticated was: NotSignedIn
2026-05-06 06:36:57.239: [INFO][Sync] Reset engine, reason: 8
2026-05-06 06:36:57.239: [INFO][Sync] Stopped: Bookmarks
2026-05-06 06:36:57.239: [INFO][Sync] Stopped: Preferences
2026-05-06 06:36:57.239: [INFO][Sync] Stopped: Passwords
2026-05-06 06:36:57.239: [INFO][Sync] Stopped: Autofill Profiles
2026-05-06 06:36:57.239: [INFO][Sync] Stopped: Autofill
2026-05-06 06:36:57.239: [INFO][Sync] Stopped: Extensions
2026-05-06 06:36:57.239: [INFO][Sync] Stopped: Sessions
2026-05-06 06:36:57.239: [INFO][Sync] Stopped: Extension settings
2026-05-06 06:36:57.239: [INFO][Sync] Stopped: History Delete Directives
2026-05-06 06:36:57.239: [INFO][Sync] Stopped: Device Info
2026-05-06 06:36:57.239: [INFO][Sync] Stopped: User Consents
2026-05-06 06:36:57.239: [INFO][Sync] Stopped: Send Tab To Self
2026-05-06 06:36:57.239: [INFO][Sync] Stopped: Web Apps
2026-05-06 06:36:57.239: [INFO][Sync] Stopped: History
2026-05-06 06:36:57.239: [INFO][Sync] Stopped: Saved Tab Group
2026-05-06 06:36:57.239: [INFO][Sync] Stopped: WebAuthn Credentials
2026-05-06 06:36:57.239: [INFO][Sync] Stopped: Collection
2026-05-06 06:36:57.239: [INFO][Sync] Stopped: Edge E Drop
2026-05-06 06:36:57.239: [INFO][Sync] Stopped: Edge Hub App Usage
2026-05-06 06:36:57.239: [INFO][Sync] Stopped: Edge Wallet
2026-05-06 06:36:57.239: [INFO][Sync] Stopped: Edge Workspace
2026-05-06 06:37:01.310: [INFO][Sync] Try to start sync engine
2026-05-06 06:37:01.365: [INFO][SyncManagerImpl::NudgeForInitialDownload] Initial download nudge for Encryption Keys
2026-05-06 06:37:01.365: [INFO][SyncEngineBackend::LoadAndConnectNigoriController] Load and connect Nigori controller
2026-05-06 06:37:01.365: [INFO][SyncEngineBackend::DoInitialize] Control Types added: Encryption Keys
2026-05-06 06:37:01.365: [INFO][SyncManagerImpl::ConfigureSyncer] Types to download: Encryption Keys with reason: 3
2026-05-06 06:37:01.365: [INFO][SyncSchedulerImpl::DoConfigurationSyncCycleJob] Configure job was blocked
2026-05-06 06:37:01.383: [INFO][SyncAuthManager::SetLastAuthError] Current auth error: None
2026-05-06 06:37:01.383: [INFO][SyncAuthManager::EdgeLogTokenErrorState] Token error with: None for account type: MSA
2026-05-06 06:37:01.383: [INFO][Sync] Credentials changed for: EdgeSyncScopeNew
2026-05-06 06:37:03.923: [INFO][SyncAuthManager::SetLastAuthError] Current auth error: None
2026-05-06 06:37:03.923: [INFO][SyncAuthManager::EdgeLogTokenErrorState] Token error with: None for account type: MSA
2026-05-06 06:37:03.923: [INFO][Sync] Credentials changed for: EdgeSyncKeyDataScope
2026-05-06 06:37:03.923: [INFO][SyncEngineBackend::DoUpdateKeyDataCredentials] Update key data credentials
2026-05-06 06:37:03.923: [INFO][SyncEngineBackend::DoUpdateCredentials] Update credentials
2026-05-06 06:37:03.923: [INFO][SyncSchedulerImpl::DoConfigurationSyncCycleJob] Blocked types:  and types to download: Encryption Keys
2026-05-06 06:37:08.987: [INFO][Sync] Started DataTypeManager configuration, reason: 4
2026-05-06 06:37:08.988: [INFO][Sync] Configuring for: Bookmarks, Preferences, Passwords, Autofill Profiles, Autofill, Extensions, Sessions, Extension settings, History Delete Directives, Device Info, User Consents, Send Tab To Self, Web Apps, History, Saved Tab Group, WebAuthn Credentials, Collection, Edge E Drop, Edge Hub App Usage, Edge Wallet, Edge Workspace, Encryption Keys, reason: 3, current state: 0
2026-05-06 06:37:08.988: [WARN][Sync] Crypto error data types: Passwords, Autofill Profiles, Autofill
2026-05-06 06:37:08.993: [INFO][Sync] Configure, desired: Bookmarks, Preferences, Extensions, Sessions, Extension settings, History Delete Directives, Device Info, User Consents, Send Tab To Self, Web Apps, History, Saved Tab Group, WebAuthn Credentials, Collection, Edge E Drop, Edge Hub App Usage, Edge Wallet, Edge Workspace, Encryption Keys; Allow fail: Passwords, Autofill Profiles, Autofill
2026-05-06 06:37:08.993: [INFO][Sync] Loading: Bookmarks
2026-05-06 06:37:08.993: [INFO][Sync] Loading: Preferences
2026-05-06 06:37:08.993: [INFO][Sync] Loading: Extensions
2026-05-06 06:37:08.993: [INFO][Sync] Loading: Sessions
2026-05-06 06:37:08.993: [INFO][Sync] Loading: Extension settings
2026-05-06 06:37:08.993: [INFO][Sync] Loading: History Delete Directives
2026-05-06 06:37:08.993: [INFO][Sync] Loading: Device Info
2026-05-06 06:37:08.993: [INFO][Sync] Loading: User Consents
2026-05-06 06:37:08.993: [INFO][Sync] Loading: Send Tab To Self
2026-05-06 06:37:08.993: [INFO][Sync] Loading: Web Apps
2026-05-06 06:37:08.993: [INFO][Sync] Loading: History
2026-05-06 06:37:08.993: [INFO][Sync] Loading: Saved Tab Group
2026-05-06 06:37:08.993: [INFO][Sync] Loading: WebAuthn Credentials
2026-05-06 06:37:08.993: [INFO][Sync] Loading: Collection
2026-05-06 06:37:08.993: [INFO][Sync] Loading: Edge E Drop
2026-05-06 06:37:08.993: [INFO][Sync] Loading: Edge Hub App Usage
2026-05-06 06:37:08.994: [INFO][Sync] Loading: Edge Wallet
2026-05-06 06:37:08.994: [INFO][Sync] Loading: Edge Workspace
2026-05-06 06:37:09.009: [INFO][Sync] All data types are ready for configure.
2026-05-06 06:37:10.818: [INFO][Sync] Started DataTypeManager configuration, reason: 5
2026-05-06 06:37:10.818: [INFO][Sync] Configuring for: Bookmarks, Preferences, Passwords, Autofill Profiles, Autofill, Extensions, Sessions, Extension settings, History Delete Directives, Device Info, User Consents, Send Tab To Self, Web Apps, History, Saved Tab Group, WebAuthn Credentials, Collection, Edge E Drop, Edge Hub App Usage, Edge Wallet, Edge Workspace, Encryption Keys, reason: 5, current state: 1
2026-05-06 06:37:10.826: [INFO][SyncEngineBackend::DoStartConfiguration] Start configuration
2026-05-06 06:37:10.826: [INFO][SyncManagerImpl::NudgeForInitialDownload] Initial download nudge for Bookmarks
2026-05-06 06:37:10.826: [INFO][SyncManagerImpl::NudgeForInitialDownload] Initial download nudge for Preferences
2026-05-06 06:37:10.826: [INFO][SyncManagerImpl::NudgeForInitialDownload] Initial download nudge for Extensions
2026-05-06 06:37:10.826: [INFO][SyncManagerImpl::NudgeForInitialDownload] Initial download nudge for Sessions
2026-05-06 06:37:10.826: [INFO][SyncManagerImpl::NudgeForInitialDownload] Initial download nudge for Extension settings
2026-05-06 06:37:10.826: [INFO][SyncManagerImpl::NudgeForInitialDownload] Initial download nudge for History Delete Directives
2026-05-06 06:37:10.826: [INFO][SyncManagerImpl::NudgeForInitialDownload] Initial download nudge for Device Info
2026-05-06 06:37:10.826: [INFO][SyncManagerImpl::NudgeForInitialDownload] Initial download nudge for Send Tab To Self
2026-05-06 06:37:10.826: [INFO][SyncManagerImpl::NudgeForInitialDownload] Initial download nudge for Web Apps
2026-05-06 06:37:10.826: [INFO][SyncManagerImpl::NudgeForInitialDownload] Initial download nudge for History
2026-05-06 06:37:10.826: [INFO][SyncManagerImpl::NudgeForInitialDownload] Initial download nudge for Saved Tab Group
2026-05-06 06:37:10.826: [INFO][SyncManagerImpl::NudgeForInitialDownload] Initial download nudge for WebAuthn Credentials
2026-05-06 06:37:10.826: [INFO][SyncManagerImpl::NudgeForInitialDownload] Initial download nudge for Collection
2026-05-06 06:37:10.826: [INFO][SyncManagerImpl::NudgeForInitialDownload] Initial download nudge for Edge E Drop
2026-05-06 06:37:10.826: [INFO][SyncManagerImpl::NudgeForInitialDownload] Initial download nudge for Edge Hub App Usage
2026-05-06 06:37:10.827: [INFO][SyncManagerImpl::NudgeForInitialDownload] Initial download nudge for Edge Wallet
2026-05-06 06:37:10.827: [INFO][SyncManagerImpl::NudgeForInitialDownload] Initial download nudge for Edge Workspace
2026-05-06 06:37:10.827: [INFO][SyncManagerImpl::ConfigureSyncer] Types to download:  with reason: 3
2026-05-06 06:37:10.827: [INFO][SyncEngineBackend::DoFinishConfigureDataTypes] Failed to download types:  and succeeded types: 
2026-05-06 06:37:10.835: [INFO][Sync] ConfigurationDone, failed: , succeeded: , remaining count: 4
2026-05-06 06:37:10.835: [WARN][Sync]     Reconfigure requested while configuration ongoing.
2026-05-06 06:37:10.835: [INFO][Sync] Configuring for: Bookmarks, Preferences, Passwords, Autofill Profiles, Autofill, Extensions, Sessions, Extension settings, History Delete Directives, Device Info, User Consents, Send Tab To Self, Web Apps, History, Saved Tab Group, WebAuthn Credentials, Collection, Edge E Drop, Edge Hub App Usage, Edge Wallet, Edge Workspace, Encryption Keys, reason: 5, current state: 2
2026-05-06 06:37:10.835: [INFO][Sync] Configure, desired: Bookmarks, Preferences, Passwords, Autofill Profiles, Autofill, Extensions, Sessions, Extension settings, History Delete Directives, Device Info, User Consents, Send Tab To Self, Web Apps, History, Saved Tab Group, WebAuthn Credentials, Collection, Edge E Drop, Edge Hub App Usage, Edge Wallet, Edge Workspace, Encryption Keys; Allow fail: 
2026-05-06 06:37:10.835: [INFO][Sync] Loading: Passwords
2026-05-06 06:37:10.835: [INFO][Sync] Loading: Autofill Profiles
2026-05-06 06:37:10.835: [INFO][Sync] Loading: Autofill
2026-05-06 06:37:10.835: [INFO][Sync] All data types are ready for configure.
2026-05-06 06:37:10.835: [INFO][SyncManagerImpl::NudgeForInitialDownload] Initial download nudge for Passwords
2026-05-06 06:37:10.835: [INFO][SyncManagerImpl::NudgeForInitialDownload] Initial download nudge for Autofill Profiles
2026-05-06 06:37:10.835: [INFO][SyncManagerImpl::NudgeForInitialDownload] Initial download nudge for Autofill
2026-05-06 06:37:10.835: [INFO][SyncManagerImpl::ConfigureSyncer] Types to download:  with reason: 5
2026-05-06 06:37:10.835: [INFO][SyncEngineBackend::DoFinishConfigureDataTypes] Failed to download types:  and succeeded types: 
2026-05-06 06:37:10.836: [INFO][Sync] ConfigurationDone, failed: , succeeded: , remaining count: 4
2026-05-06 06:37:10.836: [INFO][Sync] Prepare to configure types: Preferences, Passwords, Device Info, Send Tab To Self, Edge E Drop, Encryption Keys
2026-05-06 06:37:10.836: [INFO][SyncManagerImpl::ConfigureSyncer] Types to download: Preferences, Passwords, Device Info, Send Tab To Self, Edge E Drop, Encryption Keys with reason: 5
2026-05-06 06:37:10.836: [INFO][SyncSchedulerImpl::DoConfigurationSyncCycleJob] Blocked types:  and types to download: Preferences, Passwords, Device Info, Send Tab To Self, Edge E Drop, Encryption Keys
2026-05-06 06:37:13.571: [INFO][SyncEngineBackend::DoFinishConfigureDataTypes] Failed to download types:  and succeeded types: Preferences, Passwords, Device Info, Send Tab To Self, Edge E Drop, Encryption Keys
2026-05-06 06:37:14.518: [INFO][Sync] ConfigurationDone, failed: , succeeded: Preferences, Passwords, Device Info, Send Tab To Self, Edge E Drop, Encryption Keys, remaining count: 3
2026-05-06 06:37:14.518: [INFO][Sync] Prepare to configure types: Bookmarks, Encryption Keys
2026-05-06 06:37:14.518: [INFO][SyncManagerImpl::ConfigureSyncer] Types to download: Bookmarks, Encryption Keys with reason: 5
2026-05-06 06:37:14.518: [INFO][SyncSchedulerImpl::DoConfigurationSyncCycleJob] Blocked types:  and types to download: Bookmarks, Encryption Keys
2026-05-06 06:37:31.083: [INFO][SyncEngineBackend::DoFinishConfigureDataTypes] Failed to download types:  and succeeded types: Bookmarks, Encryption Keys
2026-05-06 06:37:31.087: [INFO][Sync] ConfigurationDone, failed: , succeeded: Bookmarks, Encryption Keys, remaining count: 2
2026-05-06 06:37:31.087: [INFO][Sync] Prepare to configure types: Autofill Profiles, Autofill, Extensions, Sessions, Extension settings, History Delete Directives, Web Apps, Saved Tab Group, WebAuthn Credentials, Collection, Edge Hub App Usage, Edge Wallet, Edge Workspace, Encryption Keys
2026-05-06 06:37:31.087: [INFO][SyncManagerImpl::ConfigureSyncer] Types to download: Autofill Profiles, Autofill, Extensions, Sessions, Extension settings, History Delete Directives, Web Apps, Saved Tab Group, WebAuthn Credentials, Collection, Edge Hub App Usage, Edge Wallet, Edge Workspace, Encryption Keys with reason: 5
2026-05-06 06:37:31.087: [INFO][SyncSchedulerImpl::DoConfigurationSyncCycleJob] Blocked types:  and types to download: Autofill Profiles, Autofill, Extensions, Sessions, Extension settings, History Delete Directives, Web Apps, Saved Tab Group, WebAuthn Credentials, Collection, Edge Hub App Usage, Edge Wallet, Edge Workspace, Encryption Keys
2026-05-06 19:22:45.673: [INFO][Sync] SyncState after authenticated was: FeatureCanStart
2026-05-06 19:22:48.105: [INFO][SyncAuthManager::EdgeLogTokenErrorState] Token error with: EDGE_AUTH_ERROR: 3, 25, a2b for account type: MSA
2026-05-06 19:22:48.106: [INFO][Sync] Credentials changed for: EdgeSyncKeyDataScope
2026-05-06 19:22:48.158: [INFO][SyncAuthManager::EdgeLogTokenErrorState] Token error with: EDGE_AUTH_ERROR: 3, 25, a2b for account type: MSA
2026-05-06 19:22:48.158: [INFO][Sync] Credentials changed for: EdgeSyncKeyDataScope
2026-05-06 19:22:50.052: [INFO][SyncAuthManager::EdgeLogTokenErrorState] Token error with: EDGE_AUTH_ERROR: 3, 25, a2b for account type: MSA
2026-05-06 19:22:50.052: [INFO][Sync] Credentials changed for: EdgeSyncKeyDataScope
2026-05-06 19:22:53.519: [INFO][SyncAuthManager::EdgeLogTokenErrorState] Token error with: EDGE_AUTH_ERROR: 3, 25, a2b for account type: MSA
2026-05-06 19:22:53.519: [INFO][Sync] Credentials changed for: EdgeSyncKeyDataScope
2026-05-06 19:22:56.611: [INFO][Sync] Try to start sync engine
2026-05-06 19:22:56.613: [INFO][SyncManagerImpl::NudgeForInitialDownload] Initial download nudge for Encryption Keys
2026-05-06 19:22:56.613: [INFO][SyncEngineBackend::LoadAndConnectNigoriController] Load and connect Nigori controller
2026-05-06 19:22:56.613: [INFO][SyncEngineBackend::DoInitialize] Control Types added: Encryption Keys
2026-05-06 19:22:56.614: [INFO][SyncManagerImpl::ConfigureSyncer] Types to download: Encryption Keys with reason: 3
2026-05-06 19:22:56.614: [INFO][SyncSchedulerImpl::DoConfigurationSyncCycleJob] Configure job was blocked
2026-05-06 19:22:56.699: [INFO][SyncAuthManager::EdgeLogTokenErrorState] Token error with: EDGE_AUTH_ERROR: 3, 25, a2b for account type: MSA
2026-05-06 19:22:56.699: [INFO][Sync] Credentials changed for: EdgeSyncScopeNew
2026-05-06 19:22:56.699: [WARN][Sync]    Token is empty
2026-05-06 19:22:56.703: [INFO][Sync] Connection status changed to: 2
2026-05-06 19:22:56.801: [INFO][SyncAuthManager::EdgeLogTokenErrorState] Token error with: EDGE_AUTH_ERROR: 3, 25, a2b for account type: MSA
2026-05-06 19:22:56.801: [INFO][Sync] Credentials changed for: EdgeSyncScopeNew
2026-05-06 19:22:56.801: [WARN][Sync]    Token is empty
2026-05-06 19:22:56.804: [INFO][Sync] Connection status changed to: 2
2026-05-06 19:22:58.711: [INFO][SyncAuthManager::EdgeLogTokenErrorState] Token error with: EDGE_AUTH_ERROR: 3, 25, a2b for account type: MSA
2026-05-06 19:22:58.711: [INFO][Sync] Credentials changed for: EdgeSyncScopeNew
2026-05-06 19:22:58.711: [WARN][Sync]    Token is empty
2026-05-06 19:22:58.713: [INFO][Sync] Connection status changed to: 2
2026-05-06 19:23:01.413: [INFO][SyncAuthManager::EdgeLogTokenErrorState] Token error with: EDGE_AUTH_ERROR: 3, 25, a2b for account type: MSA
2026-05-06 19:23:01.413: [INFO][Sync] Credentials changed for: EdgeSyncKeyDataScope
2026-05-06 19:23:02.316: [INFO][SyncAuthManager::EdgeLogTokenErrorState] Token error with: EDGE_AUTH_ERROR: 3, 25, a2b for account type: MSA
2026-05-06 19:23:02.316: [INFO][Sync] Credentials changed for: EdgeSyncScopeNew
2026-05-06 19:23:02.316: [WARN][Sync]    Token is empty
2026-05-06 19:23:02.318: [INFO][Sync] Connection status changed to: 2
2026-05-06 19:23:09.752: [INFO][SyncAuthManager::EdgeLogTokenErrorState] Token error with: EDGE_AUTH_ERROR: 3, 25, a2b for account type: MSA
2026-05-06 19:23:09.752: [INFO][Sync] Credentials changed for: EdgeSyncScopeNew
2026-05-06 19:23:09.752: [WARN][Sync]    Token is empty
2026-05-06 19:23:09.754: [INFO][Sync] Connection status changed to: 2
2026-05-06 19:23:15.922: [INFO][SyncAuthManager::EdgeLogTokenErrorState] Token error with: EDGE_AUTH_ERROR: 3, 25, a2b for account type: MSA
2026-05-06 19:23:15.922: [INFO][Sync] Credentials changed for: EdgeSyncKeyDataScope
2026-05-06 19:23:22.304: [INFO][Sync] Reset engine, reason: 0
2026-05-06 19:23:22.304: [INFO][Sync] Reset engine with reason: 0
2026-05-06 19:26:49.286: [INFO][Sync] Reset engine, reason: 8
2026-05-06 19:26:49.286: [INFO][Sync] Stopped: Bookmarks
2026-05-06 19:26:49.286: [INFO][Sync] Stopped: Preferences
2026-05-06 19:26:49.286: [INFO][Sync] Stopped: Passwords
2026-05-06 19:26:49.286: [INFO][Sync] Stopped: Autofill Profiles
2026-05-06 19:26:49.286: [INFO][Sync] Stopped: Autofill
2026-05-06 19:26:49.286: [INFO][Sync] Stopped: Extensions
2026-05-06 19:26:49.286: [INFO][Sync] Stopped: Sessions
2026-05-06 19:26:49.286: [INFO][Sync] Stopped: Extension settings
2026-05-06 19:26:49.286: [INFO][Sync] Stopped: History Delete Directives
2026-05-06 19:26:49.286: [INFO][Sync] Stopped: Device Info
2026-05-06 19:26:49.286: [INFO][Sync] Stopped: User Consents
2026-05-06 19:26:49.286: [INFO][Sync] Stopped: Send Tab To Self
2026-05-06 19:26:49.286: [INFO][Sync] Stopped: Web Apps
2026-05-06 19:26:49.286: [INFO][Sync] Stopped: History
2026-05-06 19:26:49.286: [INFO][Sync] Stopped: Saved Tab Group
2026-05-06 19:26:49.286: [INFO][Sync] Stopped: WebAuthn Credentials
2026-05-06 19:26:49.286: [INFO][Sync] Stopped: Collection
2026-05-06 19:26:49.286: [INFO][Sync] Stopped: Edge E Drop
2026-05-06 19:26:49.286: [INFO][Sync] Stopped: Edge Hub App Usage
2026-05-06 19:26:49.286: [INFO][Sync] Stopped: Edge Wallet
2026-05-06 19:26:49.286: [INFO][Sync] Stopped: Edge Workspace
2026-05-06 19:26:49.286: [INFO][Sync] SyncState after authenticated was: NotSignedIn
2026-05-06 19:26:49.638: [INFO][Sync] Reset engine, reason: 8
2026-05-06 19:26:49.638: [INFO][Sync] Stopped: Bookmarks
2026-05-06 19:26:49.638: [INFO][Sync] Stopped: Preferences
2026-05-06 19:26:49.638: [INFO][Sync] Stopped: Passwords
2026-05-06 19:26:49.638: [INFO][Sync] Stopped: Autofill Profiles
2026-05-06 19:26:49.638: [INFO][Sync] Stopped: Autofill
2026-05-06 19:26:49.638: [INFO][Sync] Stopped: Extensions
2026-05-06 19:26:49.638: [INFO][Sync] Stopped: Sessions
2026-05-06 19:26:49.638: [INFO][Sync] Stopped: Extension settings
2026-05-06 19:26:49.638: [INFO][Sync] Stopped: History Delete Directives
2026-05-06 19:26:49.638: [INFO][Sync] Stopped: Device Info
2026-05-06 19:26:49.638: [INFO][Sync] Stopped: User Consents
2026-05-06 19:26:49.638: [INFO][Sync] Stopped: Send Tab To Self
2026-05-06 19:26:49.638: [INFO][Sync] Stopped: Web Apps
2026-05-06 19:26:49.638: [INFO][Sync] Stopped: History
2026-05-06 19:26:49.638: [INFO][Sync] Stopped: Saved Tab Group
2026-05-06 19:26:49.638: [INFO][Sync] Stopped: WebAuthn Credentials
2026-05-06 19:26:49.638: [INFO][Sync] Stopped: Collection
2026-05-06 19:26:49.638: [INFO][Sync] Stopped: Edge E Drop
2026-05-06 19:26:49.638: [INFO][Sync] Stopped: Edge Hub App Usage
2026-05-06 19:26:49.638: [INFO][Sync] Stopped: Edge Wallet
2026-05-06 19:26:49.638: [INFO][Sync] Stopped: Edge Workspace
2026-05-06 19:26:51.007: [INFO][Sync] Try to start sync engine
2026-05-06 19:26:51.012: [INFO][SyncManagerImpl::NudgeForInitialDownload] Initial download nudge for Encryption Keys
2026-05-06 19:26:51.012: [INFO][SyncEngineBackend::LoadAndConnectNigoriController] Load and connect Nigori controller
2026-05-06 19:26:51.012: [INFO][SyncEngineBackend::DoInitialize] Control Types added: Encryption Keys
2026-05-06 19:26:51.012: [INFO][SyncManagerImpl::ConfigureSyncer] Types to download: Encryption Keys with reason: 3
2026-05-06 19:26:51.012: [INFO][SyncSchedulerImpl::DoConfigurationSyncCycleJob] Configure job was blocked
2026-05-06 19:26:51.376: [INFO][SyncAuthManager::EdgeLogTokenErrorState] Token error with: EDGE_AUTH_ERROR: 3, 25, a2b for account type: MSA
2026-05-06 19:26:51.376: [INFO][Sync] Credentials changed for: EdgeSyncKeyDataScope
2026-05-06 19:26:51.386: [INFO][SyncAuthManager::EdgeLogTokenErrorState] Token error with: EDGE_AUTH_ERROR: 3, 25, a2b for account type: MSA
2026-05-06 19:26:51.386: [INFO][Sync] Credentials changed for: EdgeSyncScopeNew
2026-05-06 19:26:51.386: [WARN][Sync]    Token is empty
2026-05-06 19:26:51.390: [INFO][Sync] Connection status changed to: 2
2026-05-06 19:26:51.457: [INFO][SyncAuthManager::EdgeLogTokenErrorState] Token error with: EDGE_AUTH_ERROR: 3, 25, a2b for account type: MSA
2026-05-06 19:26:51.457: [INFO][Sync] Credentials changed for: EdgeSyncKeyDataScope
2026-05-06 19:26:51.468: [INFO][SyncAuthManager::EdgeLogTokenErrorState] Token error with: EDGE_AUTH_ERROR: 3, 25, a2b for account type: MSA
2026-05-06 19:26:51.468: [INFO][Sync] Credentials changed for: EdgeSyncScopeNew
2026-05-06 19:26:51.468: [WARN][Sync]    Token is empty
2026-05-06 19:26:51.471: [INFO][Sync] Connection status changed to: 2
2026-05-06 19:26:53.296: [INFO][SyncAuthManager::EdgeLogTokenErrorState] Token error with: EDGE_AUTH_ERROR: 3, 25, a2b for account type: MSA
2026-05-06 19:26:53.296: [INFO][Sync] Credentials changed for: EdgeSyncKeyDataScope
2026-05-06 19:26:53.453: [INFO][SyncAuthManager::EdgeLogTokenErrorState] Token error with: EDGE_AUTH_ERROR: 3, 25, a2b for account type: MSA
2026-05-06 19:26:53.453: [INFO][Sync] Credentials changed for: EdgeSyncScopeNew
2026-05-06 19:26:53.453: [WARN][Sync]    Token is empty
2026-05-06 19:26:53.455: [INFO][Sync] Connection status changed to: 2
2026-05-06 19:26:56.630: [INFO][SyncAuthManager::EdgeLogTokenErrorState] Token error with: EDGE_AUTH_ERROR: 3, 25, a2b for account type: MSA
2026-05-06 19:26:56.630: [INFO][Sync] Credentials changed for: EdgeSyncKeyDataScope
2026-05-06 19:26:57.269: [INFO][SyncAuthManager::EdgeLogTokenErrorState] Token error with: EDGE_AUTH_ERROR: 3, 25, a2b for account type: MSA
2026-05-06 19:26:57.269: [INFO][Sync] Credentials changed for: EdgeSyncScopeNew
2026-05-06 19:26:57.269: [WARN][Sync]    Token is empty
2026-05-06 19:26:57.271: [INFO][Sync] Connection status changed to: 2
2026-05-06 19:27:04.142: [INFO][SyncAuthManager::EdgeLogTokenErrorState] Token error with: EDGE_AUTH_ERROR: 3, 25, a2b for account type: MSA
2026-05-06 19:27:04.142: [INFO][Sync] Credentials changed for: EdgeSyncKeyDataScope
2026-05-06 19:27:04.607: [INFO][SyncAuthManager::EdgeLogTokenErrorState] Token error with: EDGE_AUTH_ERROR: 3, 25, a2b for account type: MSA
2026-05-06 19:27:04.607: [INFO][Sync] Credentials changed for: EdgeSyncScopeNew
2026-05-06 19:27:04.607: [WARN][Sync]    Token is empty
2026-05-06 19:27:04.609: [INFO][Sync] Connection status changed to: 2
2026-05-06 19:27:17.996: [INFO][Sync] Reset engine, reason: 0
2026-05-06 19:27:17.996: [INFO][Sync] Reset engine with reason: 0
