2026-05-06 06:36:47.453: [INFO] VisibilityChanged: 0
2026-05-06 06:36:47.499: [INFO] RecordSyncInitDuration has_sync_been_enabled: 0 state: 0
2026-05-06 06:36:47.501: [INFO] RecordSyncInitDuration has_sync_been_enabled: 0 state: 0
2026-05-06 06:36:47.503: [INFO] RecordSyncInitDuration has_sync_been_enabled: 0 state: 0
2026-05-06 06:36:47.505: [INFO] RecordSyncInitDuration has_sync_been_enabled: 0 state: 0
2026-05-06 06:36:47.508: [INFO] RecordSyncInitDuration has_sync_been_enabled: 0 state: 0
2026-05-06 06:36:47.510: [INFO] RecordSyncInitDuration has_sync_been_enabled: 0 state: 0
2026-05-06 06:36:47.512: [INFO] RecordSyncInitDuration has_sync_been_enabled: 0 state: 0
2026-05-06 06:36:47.514: [INFO] RecordSyncInitDuration has_sync_been_enabled: 0 state: 0
2026-05-06 06:36:47.516: [INFO] RecordSyncInitDuration has_sync_been_enabled: 0 state: 0
2026-05-06 06:36:47.518: [INFO] RecordSyncInitDuration has_sync_been_enabled: 0 state: 0
2026-05-06 06:36:47.520: [INFO] RecordSyncInitDuration has_sync_been_enabled: 0 state: 0
2026-05-06 06:36:47.522: [INFO] RecordSyncInitDuration has_sync_been_enabled: 0 state: 0
2026-05-06 06:36:47.539: [INFO] BookmarkModelLoaded, ids_reassigned: 0
2026-05-06 06:36:47.539: [INFO] OnDoneLoading sync enabled: 0
2026-05-06 06:36:57.241: [INFO] RecordSyncInitDuration has_sync_been_enabled: 0 state: 0
2026-05-06 06:37:01.309: [INFO] RecordSyncInitDuration has_sync_been_enabled: 0 state: 0
2026-05-06 06:37:01.314: [INFO] RecordSyncInitDuration has_sync_been_enabled: 0 state: 3
2026-05-06 06:37:01.327: [INFO] Primary account changed.
2026-05-06 06:37:01.327: [INFO] OnPrimaryAccountChanged PrimaryAccountChangeEvent::Type::kSet
2026-05-06 06:37:01.338: [INFO] RecordSyncInitDuration has_sync_been_enabled: 0 state: 3
2026-05-06 06:37:01.386: [INFO] RecordSyncInitDuration has_sync_been_enabled: 0 state: 3
2026-05-06 06:37:14.549: [INFO] VisibilityChanged: 1
2026-05-06 06:37:30.459: [INFO] BookmarkNodeAdded, ABU: 0
2026-05-06 06:37:30.461: [INFO] BookmarkNodeAdded, ABU: 0
2026-05-06 06:37:30.462: [INFO] BookmarkNodeAdded, ABU: 0
2026-05-06 06:37:30.463: [INFO] BookmarkNodeAdded, ABU: 0
2026-05-06 06:37:30.464: [INFO] BookmarkNodeAdded, ABU: 0
2026-05-06 06:37:30.466: [INFO] BookmarkNodeAdded, ABU: 0
2026-05-06 06:37:30.468: [INFO] BookmarkNodeAdded, ABU: 0
2026-05-06 06:37:30.469: [INFO] BookmarkNodeAdded, ABU: 0
2026-05-06 06:37:30.470: [INFO] BookmarkNodeAdded, ABU: 0
2026-05-06 06:37:30.472: [INFO] BookmarkNodeAdded, ABU: 0
2026-05-06 06:37:30.473: [INFO] BookmarkNodeAdded, ABU: 0
2026-05-06 06:37:30.476: [INFO] BookmarkNodeAdded, ABU: 0
2026-05-06 06:37:30.477: [INFO] BookmarkNodeAdded, ABU: 0
2026-05-06 06:37:30.478: [INFO] BookmarkNodeAdded, ABU: 0
2026-05-06 06:37:30.479: [INFO] BookmarkNodeAdded, ABU: 0
2026-05-06 06:37:30.480: [INFO] BookmarkNodeAdded, ABU: 0
2026-05-06 06:37:30.481: [INFO] BookmarkNodeAdded, ABU: 0
2026-05-06 06:37:30.483: [INFO] BookmarkNodeAdded, ABU: 0
2026-05-06 06:37:30.484: [INFO] BookmarkNodeAdded, ABU: 0
2026-05-06 06:37:30.486: [INFO] BookmarkNodeAdded, ABU: 0
2026-05-06 06:37:30.487: [INFO] BookmarkNodeAdded, ABU: 0
2026-05-06 06:37:30.488: [INFO] BookmarkNodeAdded, ABU: 0
2026-05-06 06:37:30.489: [INFO] BookmarkNodeAdded, ABU: 0
2026-05-06 06:37:30.490: [INFO] BookmarkNodeAdded, ABU: 0
2026-05-06 06:37:30.492: [INFO] BookmarkNodeAdded, ABU: 0
2026-05-06 06:37:30.494: [INFO] BookmarkNodeAdded, ABU: 0
2026-05-06 06:37:30.495: [INFO] BookmarkNodeAdded, ABU: 0
2026-05-06 06:37:30.497: [INFO] BookmarkNodeAdded, ABU: 0
2026-05-06 06:37:30.498: [INFO] BookmarkNodeAdded, ABU: 0
2026-05-06 06:37:30.500: [INFO] BookmarkNodeAdded, ABU: 0
2026-05-06 06:37:30.501: [INFO] BookmarkNodeAdded, ABU: 0
2026-05-06 06:37:30.502: [INFO] BookmarkNodeAdded, ABU: 0
2026-05-06 06:37:30.503: [INFO] BookmarkNodeAdded, ABU: 0
2026-05-06 06:37:30.505: [INFO] BookmarkNodeAdded, ABU: 0
2026-05-06 06:37:30.506: [INFO] BookmarkNodeAdded, ABU: 0
2026-05-06 06:37:30.507: [INFO] BookmarkNodeAdded, ABU: 0
2026-05-06 06:37:30.508: [INFO] BookmarkNodeAdded, ABU: 0
2026-05-06 06:37:30.509: [INFO] BookmarkNodeAdded, ABU: 0
2026-05-06 06:37:30.511: [INFO] BookmarkNodeAdded, ABU: 0
2026-05-06 06:37:30.513: [INFO] BookmarkNodeAdded, ABU: 0
2026-05-06 06:37:30.514: [INFO] BookmarkNodeAdded, ABU: 0
2026-05-06 06:37:30.516: [INFO] BookmarkNodeAdded, ABU: 0
2026-05-06 06:37:30.517: [INFO] BookmarkNodeAdded, ABU: 0
2026-05-06 06:37:30.520: [INFO] BookmarkNodeAdded, ABU: 0
2026-05-06 06:37:30.521: [INFO] BookmarkNodeAdded, ABU: 0
2026-05-06 06:37:30.523: [INFO] BookmarkNodeAdded, ABU: 0
2026-05-06 06:37:30.525: [INFO] BookmarkNodeAdded, ABU: 0
2026-05-06 06:37:30.526: [INFO] BookmarkNodeAdded, ABU: 0
2026-05-06 06:37:30.528: [INFO] BookmarkNodeAdded, ABU: 0
2026-05-06 06:37:30.528: [INFO] BookmarkNodeAdded, ABU: 0
2026-05-06 06:37:30.530: [INFO] BookmarkNodeAdded, ABU: 0
2026-05-06 06:37:30.531: [INFO] BookmarkNodeAdded, ABU: 0
2026-05-06 06:37:30.532: [INFO] BookmarkNodeAdded, ABU: 0
2026-05-06 06:37:30.532: [INFO] BookmarkNodeAdded, ABU: 0
2026-05-06 06:37:30.533: [INFO] BookmarkNodeAdded, ABU: 0
2026-05-06 06:37:30.534: [INFO] BookmarkNodeAdded, ABU: 0
2026-05-06 06:37:30.535: [INFO] BookmarkNodeAdded, ABU: 0
2026-05-06 06:37:30.536: [INFO] BookmarkNodeAdded, ABU: 0
2026-05-06 06:37:30.537: [INFO] BookmarkNodeAdded, ABU: 0
2026-05-06 06:37:30.538: [INFO] BookmarkNodeAdded, ABU: 0
2026-05-06 06:37:30.538: [INFO] BookmarkNodeAdded, ABU: 0
2026-05-06 06:37:30.540: [INFO] BookmarkNodeAdded, ABU: 0
2026-05-06 06:37:30.541: [INFO] BookmarkNodeAdded, ABU: 0
2026-05-06 06:37:30.541: [INFO] BookmarkNodeAdded, ABU: 0
2026-05-06 06:37:30.543: [INFO] BookmarkNodeAdded, ABU: 0
2026-05-06 06:37:30.544: [INFO] BookmarkNodeAdded, ABU: 0
2026-05-06 06:37:30.545: [INFO] BookmarkNodeAdded, ABU: 0
2026-05-06 06:37:30.547: [INFO] BookmarkNodeAdded, ABU: 0
2026-05-06 06:37:30.549: [INFO] BookmarkNodeAdded, ABU: 0
2026-05-06 06:37:30.550: [INFO] BookmarkNodeAdded, ABU: 0
2026-05-06 06:37:30.551: [INFO] BookmarkNodeAdded, ABU: 0
2026-05-06 06:37:30.552: [INFO] BookmarkNodeAdded, ABU: 0
2026-05-06 06:37:30.553: [INFO] BookmarkNodeAdded, ABU: 0
2026-05-06 06:37:30.554: [INFO] BookmarkNodeAdded, ABU: 0
2026-05-06 06:37:30.557: [INFO] BookmarkNodeAdded, ABU: 0
2026-05-06 06:37:30.559: [INFO] BookmarkNodeAdded, ABU: 0
2026-05-06 06:37:30.560: [INFO] BookmarkNodeAdded, ABU: 0
2026-05-06 06:37:30.561: [INFO] BookmarkNodeAdded, ABU: 0
2026-05-06 06:37:30.563: [INFO] BookmarkNodeAdded, ABU: 0
2026-05-06 06:37:30.565: [INFO] BookmarkNodeAdded, ABU: 0
2026-05-06 06:37:30.565: [INFO] BookmarkNodeAdded, ABU: 0
2026-05-06 06:37:30.567: [INFO] BookmarkNodeAdded, ABU: 0
2026-05-06 06:37:30.568: [INFO] BookmarkNodeAdded, ABU: 0
2026-05-06 06:37:30.570: [INFO] BookmarkNodeAdded, ABU: 0
2026-05-06 06:37:30.572: [INFO] BookmarkNodeAdded, ABU: 0
2026-05-06 06:37:30.573: [INFO] BookmarkNodeAdded, ABU: 0
2026-05-06 06:37:30.576: [INFO] BookmarkNodeAdded, ABU: 0
2026-05-06 06:37:30.577: [INFO] BookmarkNodeAdded, ABU: 0
2026-05-06 06:37:30.579: [INFO] BookmarkNodeAdded, ABU: 0
2026-05-06 06:37:30.580: [INFO] BookmarkNodeAdded, ABU: 0
2026-05-06 06:37:30.582: [INFO] BookmarkNodeAdded, ABU: 0
2026-05-06 06:37:30.584: [INFO] BookmarkNodeAdded, ABU: 0
2026-05-06 06:37:30.586: [INFO] BookmarkNodeAdded, ABU: 0
2026-05-06 06:37:30.587: [INFO] BookmarkNodeAdded, ABU: 0
2026-05-06 06:37:30.589: [INFO] BookmarkNodeAdded, ABU: 0
2026-05-06 06:37:30.590: [INFO] BookmarkNodeAdded, ABU: 0
2026-05-06 06:37:30.592: [INFO] BookmarkNodeAdded, ABU: 0
2026-05-06 06:37:30.593: [INFO] BookmarkNodeAdded, ABU: 0
2026-05-06 06:37:30.594: [INFO] BookmarkNodeAdded, ABU: 0
2026-05-06 06:37:30.596: [INFO] BookmarkNodeAdded, ABU: 0
2026-05-06 06:37:30.597: [INFO] BookmarkNodeAdded, ABU: 0
2026-05-06 06:37:30.599: [INFO] BookmarkNodeAdded, ABU: 0
2026-05-06 06:37:30.601: [INFO] BookmarkNodeAdded, ABU: 0
2026-05-06 06:37:30.602: [INFO] BookmarkNodeAdded, ABU: 0
2026-05-06 06:37:30.603: [INFO] BookmarkNodeAdded, ABU: 0
2026-05-06 06:37:30.605: [INFO] BookmarkNodeAdded, ABU: 0
2026-05-06 06:37:30.606: [INFO] BookmarkNodeAdded, ABU: 0
2026-05-06 06:37:30.608: [INFO] BookmarkNodeAdded, ABU: 0
2026-05-06 06:37:30.610: [INFO] BookmarkNodeAdded, ABU: 0
2026-05-06 06:37:30.611: [INFO] BookmarkNodeAdded, ABU: 0
2026-05-06 06:37:30.613: [INFO] BookmarkNodeAdded, ABU: 0
2026-05-06 06:37:30.615: [INFO] BookmarkNodeAdded, ABU: 0
2026-05-06 06:37:30.616: [INFO] BookmarkNodeAdded, ABU: 0
2026-05-06 06:37:30.616: [INFO] BookmarkNodeAdded, ABU: 0
2026-05-06 06:37:30.618: [INFO] BookmarkNodeAdded, ABU: 0
2026-05-06 06:37:30.619: [INFO] BookmarkNodeAdded, ABU: 0
2026-05-06 06:37:30.621: [INFO] BookmarkNodeAdded, ABU: 0
2026-05-06 06:37:30.622: [INFO] BookmarkNodeAdded, ABU: 0
2026-05-06 06:37:30.624: [INFO] BookmarkNodeAdded, ABU: 0
2026-05-06 06:37:30.626: [INFO] BookmarkNodeAdded, ABU: 0
2026-05-06 06:37:30.626: [INFO] BookmarkNodeAdded, ABU: 0
2026-05-06 06:37:30.628: [INFO] BookmarkNodeAdded, ABU: 0
2026-05-06 06:37:30.629: [INFO] BookmarkNodeAdded, ABU: 0
2026-05-06 06:37:30.630: [INFO] BookmarkNodeAdded, ABU: 0
2026-05-06 06:37:30.631: [INFO] BookmarkNodeAdded, ABU: 0
2026-05-06 06:37:30.632: [INFO] BookmarkNodeAdded, ABU: 0
2026-05-06 06:37:30.633: [INFO] BookmarkNodeAdded, ABU: 0
2026-05-06 06:37:30.635: [INFO] BookmarkNodeAdded, ABU: 0
2026-05-06 06:37:30.635: [INFO] BookmarkNodeAdded, ABU: 0
2026-05-06 06:37:30.636: [INFO] BookmarkNodeAdded, ABU: 0
2026-05-06 06:37:30.638: [INFO] BookmarkNodeAdded, ABU: 0
2026-05-06 06:37:30.640: [INFO] BookmarkNodeAdded, ABU: 0
2026-05-06 06:37:30.641: [INFO] BookmarkNodeAdded, ABU: 0
2026-05-06 06:37:30.643: [INFO] BookmarkNodeAdded, ABU: 0
2026-05-06 06:37:30.645: [INFO] BookmarkNodeAdded, ABU: 0
2026-05-06 06:37:30.647: [INFO] BookmarkNodeAdded, ABU: 0
2026-05-06 06:37:30.649: [INFO] BookmarkNodeAdded, ABU: 0
2026-05-06 06:37:30.650: [INFO] BookmarkNodeAdded, ABU: 0
2026-05-06 06:37:30.652: [INFO] BookmarkNodeAdded, ABU: 0
2026-05-06 06:37:30.653: [INFO] BookmarkNodeAdded, ABU: 0
2026-05-06 06:37:30.655: [INFO] BookmarkNodeAdded, ABU: 0
2026-05-06 06:37:30.656: [INFO] BookmarkNodeAdded, ABU: 0
2026-05-06 06:37:30.657: [INFO] BookmarkNodeAdded, ABU: 0
2026-05-06 06:37:30.659: [INFO] BookmarkNodeAdded, ABU: 0
2026-05-06 06:37:30.661: [INFO] BookmarkNodeAdded, ABU: 0
2026-05-06 06:37:30.662: [INFO] BookmarkNodeAdded, ABU: 0
2026-05-06 06:37:30.663: [INFO] BookmarkNodeAdded, ABU: 0
2026-05-06 06:37:30.665: [INFO] BookmarkNodeAdded, ABU: 0
2026-05-06 06:37:30.666: [INFO] BookmarkNodeAdded, ABU: 0
2026-05-06 06:37:30.668: [INFO] BookmarkNodeAdded, ABU: 0
2026-05-06 06:37:30.669: [INFO] BookmarkNodeAdded, ABU: 0
2026-05-06 06:37:30.671: [INFO] BookmarkNodeAdded, ABU: 0
2026-05-06 06:37:30.671: [INFO] BookmarkNodeAdded, ABU: 0
2026-05-06 06:37:30.673: [INFO] BookmarkNodeAdded, ABU: 0
2026-05-06 06:37:30.674: [INFO] BookmarkNodeAdded, ABU: 0
2026-05-06 06:37:30.675: [INFO] BookmarkNodeAdded, ABU: 0
2026-05-06 06:37:30.677: [INFO] BookmarkNodeAdded, ABU: 0
2026-05-06 06:37:30.679: [INFO] BookmarkNodeAdded, ABU: 0
2026-05-06 06:37:30.679: [INFO] BookmarkNodeAdded, ABU: 0
2026-05-06 06:37:30.681: [INFO] BookmarkNodeAdded, ABU: 0
2026-05-06 06:37:30.683: [INFO] BookmarkNodeAdded, ABU: 0
2026-05-06 06:37:30.683: [INFO] BookmarkNodeAdded, ABU: 0
2026-05-06 06:37:30.685: [INFO] BookmarkNodeAdded, ABU: 0
2026-05-06 06:37:30.685: [INFO] BookmarkNodeAdded, ABU: 0
2026-05-06 06:37:30.686: [INFO] BookmarkNodeAdded, ABU: 0
2026-05-06 06:37:30.687: [INFO] BookmarkNodeAdded, ABU: 0
2026-05-06 06:37:30.689: [INFO] BookmarkNodeAdded, ABU: 0
2026-05-06 06:37:30.689: [INFO] BookmarkNodeAdded, ABU: 0
2026-05-06 06:37:30.690: [INFO] BookmarkNodeAdded, ABU: 0
2026-05-06 06:37:30.692: [INFO] BookmarkNodeAdded, ABU: 0
2026-05-06 06:37:30.694: [INFO] BookmarkNodeAdded, ABU: 0
2026-05-06 06:37:30.694: [INFO] BookmarkNodeAdded, ABU: 0
2026-05-06 06:37:30.695: [INFO] BookmarkNodeAdded, ABU: 0
2026-05-06 06:37:30.696: [INFO] BookmarkNodeAdded, ABU: 0
2026-05-06 06:37:30.696: [INFO] BookmarkNodeAdded, ABU: 0
2026-05-06 06:37:30.697: [INFO] BookmarkNodeAdded, ABU: 0
2026-05-06 06:37:30.698: [INFO] BookmarkNodeAdded, ABU: 0
2026-05-06 06:37:30.698: [INFO] BookmarkNodeAdded, ABU: 0
2026-05-06 19:22:47.149: [INFO] OnDoneLoading sync enabled: 1
2026-05-06 19:26:49.723: [INFO] OnDoneLoading sync enabled: 0
2026-05-06 19:26:51.030: [INFO] Primary account changed.
2026-05-06 19:26:51.030: [INFO] OnPrimaryAccountChanged PrimaryAccountChangeEvent::Type::kSet
